
> rentproof@0.1.0 build
> next build

   Γû▓ Next.js 15.1.0
   - Environments: .env.local

